Archive member included to satisfy reference by file (symbol)

c:/users/dusan/desktop/faks/semest~1/mips/alati/gnumcu~1/arm-no~1.1/bin/../lib/gcc/arm-none-eabi/9.3.1/../../../../arm-none-eabi/lib/thumb/v7-m/nofp\libstdc++.a(del_op.o)
                              CMakeFiles/HP_CPP.elf.dir/Core/Src/AT45DB161D.cpp.obj (operator delete(void*))
c:/users/dusan/desktop/faks/semest~1/mips/alati/gnumcu~1/arm-no~1.1/bin/../lib/gcc/arm-none-eabi/9.3.1/../../../../arm-none-eabi/lib/thumb/v7-m/nofp\libstdc++.a(eh_arm.o)
                              CMakeFiles/HP_CPP.elf.dir/Core/Src/AT45DB161D.cpp.obj (__cxa_end_cleanup)
c:/users/dusan/desktop/faks/semest~1/mips/alati/gnumcu~1/arm-no~1.1/bin/../lib/gcc/arm-none-eabi/9.3.1/../../../../arm-none-eabi/lib/thumb/v7-m/nofp\libstdc++.a(eh_exception.o)
                              c:/users/dusan/desktop/faks/semest~1/mips/alati/gnumcu~1/arm-no~1.1/bin/../lib/gcc/arm-none-eabi/9.3.1/../../../../arm-none-eabi/lib/thumb/v7-m/nofp\libstdc++.a(eh_arm.o) (typeinfo for __cxxabiv1::__forced_unwind)
c:/users/dusan/desktop/faks/semest~1/mips/alati/gnumcu~1/arm-no~1.1/bin/../lib/gcc/arm-none-eabi/9.3.1/../../../../arm-none-eabi/lib/thumb/v7-m/nofp\libstdc++.a(eh_globals.o)
                              c:/users/dusan/desktop/faks/semest~1/mips/alati/gnumcu~1/arm-no~1.1/bin/../lib/gcc/arm-none-eabi/9.3.1/../../../../arm-none-eabi/lib/thumb/v7-m/nofp\libstdc++.a(eh_arm.o) (__cxa_get_globals)
c:/users/dusan/desktop/faks/semest~1/mips/alati/gnumcu~1/arm-no~1.1/bin/../lib/gcc/arm-none-eabi/9.3.1/../../../../arm-none-eabi/lib/thumb/v7-m/nofp\libstdc++.a(eh_personality.o)
                              CMakeFiles/HP_CPP.elf.dir/Core/Src/AT45DB161D.cpp.obj (__gxx_personality_v0)
c:/users/dusan/desktop/faks/semest~1/mips/alati/gnumcu~1/arm-no~1.1/bin/../lib/gcc/arm-none-eabi/9.3.1/../../../../arm-none-eabi/lib/thumb/v7-m/nofp\libstdc++.a(eh_terminate.o)
                              c:/users/dusan/desktop/faks/semest~1/mips/alati/gnumcu~1/arm-no~1.1/bin/../lib/gcc/arm-none-eabi/9.3.1/../../../../arm-none-eabi/lib/thumb/v7-m/nofp\libstdc++.a(eh_arm.o) (std::terminate())
c:/users/dusan/desktop/faks/semest~1/mips/alati/gnumcu~1/arm-no~1.1/bin/../lib/gcc/arm-none-eabi/9.3.1/../../../../arm-none-eabi/lib/thumb/v7-m/nofp\libstdc++.a(eh_unex_handler.o)
                              c:/users/dusan/desktop/faks/semest~1/mips/alati/gnumcu~1/arm-no~1.1/bin/../lib/gcc/arm-none-eabi/9.3.1/../../../../arm-none-eabi/lib/thumb/v7-m/nofp\libstdc++.a(eh_terminate.o) (__cxxabiv1::__unexpected_handler)
c:/users/dusan/desktop/faks/semest~1/mips/alati/gnumcu~1/arm-no~1.1/bin/../lib/gcc/arm-none-eabi/9.3.1/../../../../arm-none-eabi/lib/thumb/v7-m/nofp\libstdc++.a(new_opv.o)
                              CMakeFiles/HP_CPP.elf.dir/Core/Src/AT45DB161D.cpp.obj (operator new[](unsigned int))
c:/users/dusan/desktop/faks/semest~1/mips/alati/gnumcu~1/arm-no~1.1/bin/../lib/gcc/arm-none-eabi/9.3.1/../../../../arm-none-eabi/lib/thumb/v7-m/nofp\libstdc++.a(pure.o)
                              c:/users/dusan/desktop/faks/semest~1/mips/alati/gnumcu~1/arm-no~1.1/bin/../lib/gcc/arm-none-eabi/9.3.1/../../../../arm-none-eabi/lib/thumb/v7-m/nofp\libstdc++.a(eh_exception.o) (__cxa_pure_virtual)
c:/users/dusan/desktop/faks/semest~1/mips/alati/gnumcu~1/arm-no~1.1/bin/../lib/gcc/arm-none-eabi/9.3.1/../../../../arm-none-eabi/lib/thumb/v7-m/nofp\libstdc++.a(si_class_type_info.o)
                              c:/users/dusan/desktop/faks/semest~1/mips/alati/gnumcu~1/arm-no~1.1/bin/../lib/gcc/arm-none-eabi/9.3.1/../../../../arm-none-eabi/lib/thumb/v7-m/nofp\libstdc++.a(eh_exception.o) (vtable for __cxxabiv1::__si_class_type_info)
c:/users/dusan/desktop/faks/semest~1/mips/alati/gnumcu~1/arm-no~1.1/bin/../lib/gcc/arm-none-eabi/9.3.1/../../../../arm-none-eabi/lib/thumb/v7-m/nofp\libstdc++.a(tinfo.o)
                              c:/users/dusan/desktop/faks/semest~1/mips/alati/gnumcu~1/arm-no~1.1/bin/../lib/gcc/arm-none-eabi/9.3.1/../../../../arm-none-eabi/lib/thumb/v7-m/nofp\libstdc++.a(si_class_type_info.o) (std::type_info::__is_pointer_p() const)
c:/users/dusan/desktop/faks/semest~1/mips/alati/gnumcu~1/arm-no~1.1/bin/../lib/gcc/arm-none-eabi/9.3.1/../../../../arm-none-eabi/lib/thumb/v7-m/nofp\libstdc++.a(functexcept.o)
                              CMakeFiles/HP_CPP.elf.dir/Core/Src/AT45DB161D.cpp.obj (std::__throw_logic_error(char const*))
c:/users/dusan/desktop/faks/semest~1/mips/alati/gnumcu~1/arm-no~1.1/bin/../lib/gcc/arm-none-eabi/9.3.1/../../../../arm-none-eabi/lib/thumb/v7-m/nofp\libstdc++.a(snprintf_lite.o)
                              c:/users/dusan/desktop/faks/semest~1/mips/alati/gnumcu~1/arm-no~1.1/bin/../lib/gcc/arm-none-eabi/9.3.1/../../../../arm-none-eabi/lib/thumb/v7-m/nofp\libstdc++.a(functexcept.o) (__gnu_cxx::__snprintf_lite(char*, unsigned int, char const*, std::__va_list))
[...]
Memory Configuration

Name             Origin             Length             Attributes
RAM              0x0000000020000000 0x0000000000005000 xrw
FLASH            0x0000000008000000 0x0000000000010000 xr
*default*        0x0000000000000000 0xffffffffffffffff

Linker script and memory map

LOAD c:/users/dusan/desktop/faks/semest~1/mips/alati/gnumcu~1/arm-no~1.1/bin/../lib/gcc/arm-none-eabi/9.3.1/thumb/v7-m/nofp/crti.o
LOAD c:/users/dusan/desktop/faks/semest~1/mips/alati/gnumcu~1/arm-no~1.1/bin/../lib/gcc/arm-none-eabi/9.3.1/thumb/v7-m/nofp/crtbegin.o
LOAD c:/users/dusan/desktop/faks/semest~1/mips/alati/gnumcu~1/arm-no~1.1/bin/../lib/gcc/arm-none-eabi/9.3.1/../../../../arm-none-eabi/lib/thumb/v7-m/nofp/crt0.o
LOAD CMakeFiles/HP_CPP.elf.dir/Core/Src/AT45DB161D.cpp.obj
LOAD CMakeFiles/HP_CPP.elf.dir/Core/Src/main.c.obj
LOAD CMakeFiles/HP_CPP.elf.dir/Core/Src/stm32f1xx_hal_msp.c.obj
LOAD CMakeFiles/HP_CPP.elf.dir/Core/Src/stm32f1xx_it.c.obj
LOAD CMakeFiles/HP_CPP.elf.dir/Core/Src/syscalls.c.obj
LOAD CMakeFiles/HP_CPP.elf.dir/Core/Src/sysmem.c.obj
LOAD CMakeFiles/HP_CPP.elf.dir/Core/Src/system_stm32f1xx.c.obj
LOAD CMakeFiles/HP_CPP.elf.dir/Core/Startup/startup_stm32f103c8tx.s.obj
LOAD CMakeFiles/HP_CPP.elf.dir/Drivers/STM32F1xx_HAL_Driver/Src/stm32f1xx_hal.c.obj
LOAD CMakeFiles/HP_CPP.elf.dir/Drivers/STM32F1xx_HAL_Driver/Src/stm32f1xx_hal_cortex.c.obj
LOAD CMakeFiles/HP_CPP.elf.dir/Drivers/STM32F1xx_HAL_Driver/Src/stm32f1xx_hal_dma.c.obj
LOAD CMakeFiles/HP_CPP.elf.dir/Drivers/STM32F1xx_HAL_Driver/Src/stm32f1xx_hal_exti.c.obj
LOAD CMakeFiles/HP_CPP.elf.dir/Drivers/STM32F1xx_HAL_Driver/Src/stm32f1xx_hal_flash.c.obj
LOAD CMakeFiles/HP_CPP.elf.dir/Drivers/STM32F1xx_HAL_Driver/Src/stm32f1xx_hal_flash_ex.c.obj
LOAD CMakeFiles/HP_CPP.elf.dir/Drivers/STM32F1xx_HAL_Driver/Src/stm32f1xx_hal_gpio.c.obj
LOAD CMakeFiles/HP_CPP.elf.dir/Drivers/STM32F1xx_HAL_Driver/Src/stm32f1xx_hal_gpio_ex.c.obj
LOAD CMakeFiles/HP_CPP.elf.dir/Drivers/STM32F1xx_HAL_Driver/Src/stm32f1xx_hal_pwr.c.obj
LOAD CMakeFiles/HP_CPP.elf.dir/Drivers/STM32F1xx_HAL_Driver/Src/stm32f1xx_hal_rcc.c.obj
LOAD CMakeFiles/HP_CPP.elf.dir/Drivers/STM32F1xx_HAL_Driver/Src/stm32f1xx_hal_rcc_ex.c.obj
LOAD CMakeFiles/HP_CPP.elf.dir/Drivers/STM32F1xx_HAL_Driver/Src/stm32f1xx_hal_spi.c.obj
LOAD CMakeFiles/HP_CPP.elf.dir/Drivers/STM32F1xx_HAL_Driver/Src/stm32f1xx_hal_tim.c.obj
LOAD CMakeFiles/HP_CPP.elf.dir/Drivers/STM32F1xx_HAL_Driver/Src/stm32f1xx_hal_tim_ex.c.obj
LOAD CMakeFiles/HP_CPP.elf.dir/Drivers/STM32F1xx_HAL_Driver/Src/stm32f1xx_hal_uart.c.obj
LOAD c:/users/dusan/desktop/faks/semest~1/mips/alati/gnumcu~1/arm-no~1.1/bin/../lib/gcc/arm-none-eabi/9.3.1/../../../../arm-none-eabi/lib/thumb/v7-m/nofp\libstdc++.a
LOAD c:/users/dusan/desktop/faks/semest~1/mips/alati/gnumcu~1/arm-no~1.1/bin/../lib/gcc/arm-none-eabi/9.3.1/../../../../arm-none-eabi/lib/thumb/v7-m/nofp\libm.a
START GROUP
LOAD c:/users/dusan/desktop/faks/semest~1/mips/alati/gnumcu~1/arm-no~1.1/bin/../lib/gcc/arm-none-eabi/9.3.1/thumb/v7-m/nofp\libgcc.a
LOAD c:/users/dusan/desktop/faks/semest~1/mips/alati/gnumcu~1/arm-no~1.1/bin/../lib/gcc/arm-none-eabi/9.3.1/../../../../arm-none-eabi/lib/thumb/v7-m/nofp\libg.a
LOAD c:/users/dusan/desktop/faks/semest~1/mips/alati/gnumcu~1/arm-no~1.1/bin/../lib/gcc/arm-none-eabi/9.3.1/../../../../arm-none-eabi/lib/thumb/v7-m/nofp\libc.a
END GROUP
LOAD c:/users/dusan/desktop/faks/semest~1/mips/alati/gnumcu~1/arm-no~1.1/bin/../lib/gcc/arm-none-eabi/9.3.1/thumb/v7-m/nofp/crtend.o
LOAD c:/users/dusan/desktop/faks/semest~1/mips/alati/gnumcu~1/arm-no~1.1/bin/../lib/gcc/arm-none-eabi/9.3.1/thumb/v7-m/nofp/crtn.o
                0x0000000020005000                _estack = (ORIGIN (RAM) + LENGTH (RAM))
                0x0000000000000200                _Min_Heap_Size = 0x200
                0x0000000000000400                _Min_Stack_Size = 0x400

.isr_vector     0x0000000008000000      0x10c
                0x0000000008000000                . = ALIGN (0x4)
 *(.isr_vector)
 .isr_vector    0x0000000008000000      0x10c CMakeFiles/HP_CPP.elf.dir/Core/Startup/startup_stm32f103c8tx.s.obj
                0x0000000008000000                g_pfnVectors
                0x000000000800010c                . = ALIGN (0x4)

.text           0x000000000800010c     0x172c
                0x000000000800010c                . = ALIGN (0x4)
 *(.text)
 *(.text*)
 .text.__do_global_dtors_aux
                0x000000000800010c       0x24 c:/users/dusan/desktop/faks/semest~1/mips/alati/gnumcu~1/arm-no~1.1/bin/../lib/gcc/arm-none-eabi/9.3.1/thumb/v7-m/nofp/crtbegin.o
 .text.frame_dummy
                0x0000000008000130       0x1c c:/users/dusan/desktop/faks/semest~1/mips/alati/gnumcu~1/arm-no~1.1/bin/../lib/gcc/arm-none-eabi/9.3.1/thumb/v7-m/nofp/crtbegin.o
 .text.MX_GPIO_Init
                0x000000000800014c       0xe0 CMakeFiles/HP_CPP.elf.dir/Core/Src/main.c.obj
 .text.Error_Handler
                0x000000000800022c        0x4 CMakeFiles/HP_CPP.elf.dir/Core/Src/main.c.obj
                0x000000000800022c                Error_Handler
 .text.MX_SPI1_Init
                0x0000000008000230       0x40 CMakeFiles/HP_CPP.elf.dir/Core/Src/main.c.obj
 .text.MX_USART1_UART_Init
                0x0000000008000270       0x34 CMakeFiles/HP_CPP.elf.dir/Core/Src/main.c.obj
 .text.SystemClock_Config
                0x00000000080002a4       0x62 CMakeFiles/HP_CPP.elf.dir/Core/Src/main.c.obj
                0x00000000080002a4                SystemClock_Config
 *fill*         0x0000000008000306        0x2 
 .text.main     0x0000000008000308       0x30 CMakeFiles/HP_CPP.elf.dir/Core/Src/main.c.obj
                0x0000000008000308                main
 .text.HAL_MspInit
                0x0000000008000338       0x44 CMakeFiles/HP_CPP.elf.dir/Core/Src/stm32f1xx_hal_msp.c.obj
                0x0000000008000338                HAL_MspInit
 .text.HAL_SPI_MspInit
                0x000000000800037c       0x84 CMakeFiles/HP_CPP.elf.dir/Core/Src/stm32f1xx_hal_msp.c.obj
                0x000000000800037c                HAL_SPI_MspInit
 .text.HAL_UART_MspInit
                0x0000000008000400       0x88 CMakeFiles/HP_CPP.elf.dir/Core/Src/stm32f1xx_hal_msp.c.obj
                0x0000000008000400                HAL_UART_MspInit
 .text.NMI_Handler
                0x0000000008000488        0x2 CMakeFiles/HP_CPP.elf.dir/Core/Src/stm32f1xx_it.c.obj
                0x0000000008000488                NMI_Handler
 .text.HardFault_Handler
                0x000000000800048a        0x2 CMakeFiles/HP_CPP.elf.dir/Core/Src/stm32f1xx_it.c.obj
                0x000000000800048a                HardFault_Handler
 .text.MemManage_Handler
                0x000000000800048c        0x2 CMakeFiles/HP_CPP.elf.dir/Core/Src/stm32f1xx_it.c.obj
                0x000000000800048c                MemManage_Handler
 .text.BusFault_Handler
                0x000000000800048e        0x2 CMakeFiles/HP_CPP.elf.dir/Core/Src/stm32f1xx_it.c.obj
                0x000000000800048e                BusFault_Handler
 .text.UsageFault_Handler
                0x0000000008000490        0x2 CMakeFiles/HP_CPP.elf.dir/Core/Src/stm32f1xx_it.c.obj
                0x0000000008000490                UsageFault_Handler
 .text.SVC_Handler
                0x0000000008000492        0x2 CMakeFiles/HP_CPP.elf.dir/Core/Src/stm32f1xx_it.c.obj
                0x0000000008000492                SVC_Handler
 .text.DebugMon_Handler
                0x0000000008000494        0x2 CMakeFiles/HP_CPP.elf.dir/Core/Src/stm32f1xx_it.c.obj
                0x0000000008000494                DebugMon_Handler
 .text.PendSV_Handler
                0x0000000008000496        0x2 CMakeFiles/HP_CPP.elf.dir/Core/Src/stm32f1xx_it.c.obj
                0x0000000008000496                PendSV_Handler
 .text.SysTick_Handler
                0x0000000008000498        0x8 CMakeFiles/HP_CPP.elf.dir/Core/Src/stm32f1xx_it.c.obj
                0x0000000008000498                SysTick_Handler
 .text.SPI1_IRQHandler
                0x00000000080004a0       0x10 CMakeFiles/HP_CPP.elf.dir/Core/Src/stm32f1xx_it.c.obj
                0x00000000080004a0                SPI1_IRQHandler
 .text.USART1_IRQHandler
                0x00000000080004b0       0x10 CMakeFiles/HP_CPP.elf.dir/Core/Src/stm32f1xx_it.c.obj
                0x00000000080004b0                USART1_IRQHandler
 .text.HAL_UART_RxCpltCallback
                0x00000000080004c0       0x10 CMakeFiles/HP_CPP.elf.dir/Core/Src/stm32f1xx_it.c.obj
                0x00000000080004c0                HAL_UART_RxCpltCallback
 .text.SystemInit
                0x00000000080004d0        0x2 CMakeFiles/HP_CPP.elf.dir/Core/Src/system_stm32f1xx.c.obj
                0x00000000080004d0                SystemInit
 *fill*         0x00000000080004d2        0x2 
 .text.Reset_Handler
                0x00000000080004d4       0x48 CMakeFiles/HP_CPP.elf.dir/Core/Startup/startup_stm32f103c8tx.s.obj
                0x00000000080004d4                Reset_Handler
 .text.Default_Handler
                0x000000000800051c        0x2 CMakeFiles/HP_CPP.elf.dir/Core/Startup/startup_stm32f103c8tx.s.obj
                0x000000000800051c                RTC_Alarm_IRQHandler
                0x000000000800051c                EXTI2_IRQHandler
                0x000000000800051c                TIM1_CC_IRQHandler
                0x000000000800051c                PVD_IRQHandler
                0x000000000800051c                EXTI3_IRQHandler
                0x000000000800051c                EXTI0_IRQHandler
                0x000000000800051c                I2C2_EV_IRQHandler
                0x000000000800051c                ADC1_2_IRQHandler
                0x000000000800051c                TAMPER_IRQHandler
                0x000000000800051c                DMA1_Channel4_IRQHandler
                0x000000000800051c                USART3_IRQHandler
                0x000000000800051c                RTC_IRQHandler
                0x000000000800051c                DMA1_Channel7_IRQHandler
                0x000000000800051c                CAN1_RX1_IRQHandler
                0x000000000800051c                TIM4_IRQHandler
                0x000000000800051c                I2C1_EV_IRQHandler
                0x000000000800051c                DMA1_Channel6_IRQHandler
                0x000000000800051c                TIM3_IRQHandler
                0x000000000800051c                RCC_IRQHandler
                0x000000000800051c                TIM1_TRG_COM_IRQHandler
                0x000000000800051c                DMA1_Channel1_IRQHandler
                0x000000000800051c                Default_Handler
                0x000000000800051c                EXTI15_10_IRQHandler
                0x000000000800051c                EXTI9_5_IRQHandler
                0x000000000800051c                SPI2_IRQHandler
                0x000000000800051c                DMA1_Channel5_IRQHandler
                0x000000000800051c                EXTI4_IRQHandler
                0x000000000800051c                USB_LP_CAN1_RX0_IRQHandler
                0x000000000800051c                USB_HP_CAN1_TX_IRQHandler
                0x000000000800051c                DMA1_Channel3_IRQHandler
                0x000000000800051c                TIM1_UP_IRQHandler
                0x000000000800051c                WWDG_IRQHandler
                0x000000000800051c                TIM2_IRQHandler
                0x000000000800051c                TIM1_BRK_IRQHandler
                0x000000000800051c                EXTI1_IRQHandler
                0x000000000800051c                USART2_IRQHandler
                0x000000000800051c                I2C2_ER_IRQHandler
                0x000000000800051c                DMA1_Channel2_IRQHandler
                0x000000000800051c                CAN1_SCE_IRQHandler
                0x000000000800051c                FLASH_IRQHandler
                0x000000000800051c                I2C1_ER_IRQHandler
                0x000000000800051c                USBWakeUp_IRQHandler
 *fill*         0x000000000800051e        0x2 
 .text.HAL_InitTick
                0x0000000008000520       0x4c CMakeFiles/HP_CPP.elf.dir/Drivers/STM32F1xx_HAL_Driver/Src/stm32f1xx_hal.c.obj
                0x0000000008000520                HAL_InitTick
 .text.HAL_Init
                0x000000000800056c       0x24 CMakeFiles/HP_CPP.elf.dir/Drivers/STM32F1xx_HAL_Driver/Src/stm32f1xx_hal.c.obj
                0x000000000800056c                HAL_Init
 .text.HAL_IncTick
                0x0000000008000590       0x18 CMakeFiles/HP_CPP.elf.dir/Drivers/STM32F1xx_HAL_Driver/Src/stm32f1xx_hal.c.obj
                0x0000000008000590                HAL_IncTick
 .text.HAL_GetTick
                0x00000000080005a8        0xc CMakeFiles/HP_CPP.elf.dir/Drivers/STM32F1xx_HAL_Driver/Src/stm32f1xx_hal.c.obj
                0x00000000080005a8                HAL_GetTick
 .text.HAL_Delay
                0x00000000080005b4       0x28 CMakeFiles/HP_CPP.elf.dir/Drivers/STM32F1xx_HAL_Driver/Src/stm32f1xx_hal.c.obj
                0x00000000080005b4                HAL_Delay
 .text.HAL_NVIC_SetPriorityGrouping
                0x00000000080005dc       0x24 CMakeFiles/HP_CPP.elf.dir/Drivers/STM32F1xx_HAL_Driver/Src/stm32f1xx_hal_cortex.c.obj
                0x00000000080005dc                HAL_NVIC_SetPriorityGrouping
 .text.HAL_NVIC_SetPriority
                0x0000000008000600       0x68 CMakeFiles/HP_CPP.elf.dir/Drivers/STM32F1xx_HAL_Driver/Src/stm32f1xx_hal_cortex.c.obj
                0x0000000008000600                HAL_NVIC_SetPriority
 .text.HAL_NVIC_EnableIRQ
                0x0000000008000668       0x1c CMakeFiles/HP_CPP.elf.dir/Drivers/STM32F1xx_HAL_Driver/Src/stm32f1xx_hal_cortex.c.obj
                0x0000000008000668                HAL_NVIC_EnableIRQ
 .text.HAL_SYSTICK_Config
                0x0000000008000684       0x2c CMakeFiles/HP_CPP.elf.dir/Drivers/STM32F1xx_HAL_Driver/Src/stm32f1xx_hal_cortex.c.obj
                0x0000000008000684                HAL_SYSTICK_Config
 .text.HAL_DMA_Abort
                0x00000000080006b0       0x44 CMakeFiles/HP_CPP.elf.dir/Drivers/STM32F1xx_HAL_Driver/Src/stm32f1xx_hal_dma.c.obj
                0x00000000080006b0                HAL_DMA_Abort
 .text.HAL_DMA_Abort_IT
                0x00000000080006f4       0x98 CMakeFiles/HP_CPP.elf.dir/Drivers/STM32F1xx_HAL_Driver/Src/stm32f1xx_hal_dma.c.obj
                0x00000000080006f4                HAL_DMA_Abort_IT
 .text.HAL_GPIO_Init
                0x000000000800078c      0x220 CMakeFiles/HP_CPP.elf.dir/Drivers/STM32F1xx_HAL_Driver/Src/stm32f1xx_hal_gpio.c.obj
                0x000000000800078c                HAL_GPIO_Init
 .text.HAL_GPIO_WritePin
                0x00000000080009ac        0xc CMakeFiles/HP_CPP.elf.dir/Drivers/STM32F1xx_HAL_Driver/Src/stm32f1xx_hal_gpio.c.obj
                0x00000000080009ac                HAL_GPIO_WritePin
 .text.HAL_GPIO_TogglePin
                0x00000000080009b8       0x12 CMakeFiles/HP_CPP.elf.dir/Drivers/STM32F1xx_HAL_Driver/Src/stm32f1xx_hal_gpio.c.obj
                0x00000000080009b8                HAL_GPIO_TogglePin
 *fill*         0x00000000080009ca        0x2 
 .text.RCC_Delay
                0x00000000080009cc       0x2c CMakeFiles/HP_CPP.elf.dir/Drivers/STM32F1xx_HAL_Driver/Src/stm32f1xx_hal_rcc.c.obj
 .text.HAL_RCC_OscConfig
                0x00000000080009f8      0x410 CMakeFiles/HP_CPP.elf.dir/Drivers/STM32F1xx_HAL_Driver/Src/stm32f1xx_hal_rcc.c.obj
                0x00000000080009f8                HAL_RCC_OscConfig
 .text.HAL_RCC_GetSysClockFreq
                0x0000000008000e08       0x6c CMakeFiles/HP_CPP.elf.dir/Drivers/STM32F1xx_HAL_Driver/Src/stm32f1xx_hal_rcc.c.obj
                0x0000000008000e08                HAL_RCC_GetSysClockFreq
 .text.HAL_RCC_ClockConfig
                0x0000000008000e74      0x16c CMakeFiles/HP_CPP.elf.dir/Drivers/STM32F1xx_HAL_Driver/Src/stm32f1xx_hal_rcc.c.obj
                0x0000000008000e74                HAL_RCC_ClockConfig
 .text.HAL_RCC_GetHCLKFreq
                0x0000000008000fe0        0xc CMakeFiles/HP_CPP.elf.dir/Drivers/STM32F1xx_HAL_Driver/Src/stm32f1xx_hal_rcc.c.obj
                0x0000000008000fe0                HAL_RCC_GetHCLKFreq
 .text.HAL_RCC_GetPCLK1Freq
                0x0000000008000fec       0x20 CMakeFiles/HP_CPP.elf.dir/Drivers/STM32F1xx_HAL_Driver/Src/stm32f1xx_hal_rcc.c.obj
                0x0000000008000fec                HAL_RCC_GetPCLK1Freq
 .text.HAL_RCC_GetPCLK2Freq
                0x000000000800100c       0x20 CMakeFiles/HP_CPP.elf.dir/Drivers/STM32F1xx_HAL_Driver/Src/stm32f1xx_hal_rcc.c.obj
                0x000000000800100c                HAL_RCC_GetPCLK2Freq
 .text.HAL_SPI_Init
                0x000000000800102c       0xb6 CMakeFiles/HP_CPP.elf.dir/Drivers/STM32F1xx_HAL_Driver/Src/stm32f1xx_hal_spi.c.obj
                0x000000000800102c                HAL_SPI_Init
 .text.HAL_SPI_ErrorCallback
                0x00000000080010e2        0x2 CMakeFiles/HP_CPP.elf.dir/Drivers/STM32F1xx_HAL_Driver/Src/stm32f1xx_hal_spi.c.obj
                0x00000000080010e2                HAL_SPI_ErrorCallback
 .text.HAL_SPI_IRQHandler
                0x00000000080010e4      0x108 CMakeFiles/HP_CPP.elf.dir/Drivers/STM32F1xx_HAL_Driver/Src/stm32f1xx_hal_spi.c.obj
                0x00000000080010e4                HAL_SPI_IRQHandler
 .text.SPI_DMAAbortOnError
                0x00000000080011ec       0x10 CMakeFiles/HP_CPP.elf.dir/Drivers/STM32F1xx_HAL_Driver/Src/stm32f1xx_hal_spi.c.obj
 .text.UART_EndRxTransfer
                0x00000000080011fc       0x32 CMakeFiles/HP_CPP.elf.dir/Drivers/STM32F1xx_HAL_Driver/Src/stm32f1xx_hal_uart.c.obj
 .text.UART_Transmit_IT
                0x000000000800122e       0x60 CMakeFiles/HP_CPP.elf.dir/Drivers/STM32F1xx_HAL_Driver/Src/stm32f1xx_hal_uart.c.obj
 *fill*         0x000000000800128e        0x2 
 .text.UART_SetConfig
                0x0000000008001290       0x90 CMakeFiles/HP_CPP.elf.dir/Drivers/STM32F1xx_HAL_Driver/Src/stm32f1xx_hal_uart.c.obj
 .text.HAL_UART_Init
                0x0000000008001320       0x5e CMakeFiles/HP_CPP.elf.dir/Drivers/STM32F1xx_HAL_Driver/Src/stm32f1xx_hal_uart.c.obj
                0x0000000008001320                HAL_UART_Init
 .text.HAL_UART_TxCpltCallback
                0x000000000800137e        0x2 CMakeFiles/HP_CPP.elf.dir/Drivers/STM32F1xx_HAL_Driver/Src/stm32f1xx_hal_uart.c.obj
                0x000000000800137e                HAL_UART_TxCpltCallback
 .text.UART_EndTransmit_IT
                0x0000000008001380       0x1a CMakeFiles/HP_CPP.elf.dir/Drivers/STM32F1xx_HAL_Driver/Src/stm32f1xx_hal_uart.c.obj
 .text.HAL_UART_ErrorCallback
                0x000000000800139a        0x2 CMakeFiles/HP_CPP.elf.dir/Drivers/STM32F1xx_HAL_Driver/Src/stm32f1xx_hal_uart.c.obj
                0x000000000800139a                HAL_UART_ErrorCallback
 .text.UART_DMAAbortOnError
                0x000000000800139c       0x10 CMakeFiles/HP_CPP.elf.dir/Drivers/STM32F1xx_HAL_Driver/Src/stm32f1xx_hal_uart.c.obj
 .text.HAL_UARTEx_RxEventCallback
                0x00000000080013ac        0x2 CMakeFiles/HP_CPP.elf.dir/Drivers/STM32F1xx_HAL_Driver/Src/stm32f1xx_hal_uart.c.obj
                0x00000000080013ac                HAL_UARTEx_RxEventCallback
 .text.UART_Receive_IT
                0x00000000080013ae       0xd4 CMakeFiles/HP_CPP.elf.dir/Drivers/STM32F1xx_HAL_Driver/Src/stm32f1xx_hal_uart.c.obj
 *fill*         0x0000000008001482        0x2 
 .text.HAL_UART_IRQHandler
                0x0000000008001484      0x204 CMakeFiles/HP_CPP.elf.dir/Drivers/STM32F1xx_HAL_Driver/Src/stm32f1xx_hal_uart.c.obj
                0x0000000008001484                HAL_UART_IRQHandler
 .text.UART_Start_Receive_IT
                0x0000000008001688       0x36 CMakeFiles/HP_CPP.elf.dir/Drivers/STM32F1xx_HAL_Driver/Src/stm32f1xx_hal_uart.c.obj
                0x0000000008001688                UART_Start_Receive_IT
 .text.HAL_UART_Receive_IT
                0x00000000080016be       0x38 CMakeFiles/HP_CPP.elf.dir/Drivers/STM32F1xx_HAL_Driver/Src/stm32f1xx_hal_uart.c.obj
                0x00000000080016be                HAL_UART_Receive_IT
 *fill*         0x00000000080016f6        0x2 
 .text.__libc_init_array
                0x00000000080016f8       0x48 c:/users/dusan/desktop/faks/semest~1/mips/alati/gnumcu~1/arm-no~1.1/bin/../lib/gcc/arm-none-eabi/9.3.1/../../../../arm-none-eabi/lib/thumb/v7-m/nofp\libg.a(lib_a-init.o)
                0x00000000080016f8                __libc_init_array
 .text.startup.register_fini
                0x0000000008001740       0x14 c:/users/dusan/desktop/faks/semest~1/mips/alati/gnumcu~1/arm-no~1.1/bin/../lib/gcc/arm-none-eabi/9.3.1/../../../../arm-none-eabi/lib/thumb/v7-m/nofp\libg.a(lib_a-__call_atexit.o)
 .text.__libc_fini_array
                0x0000000008001754       0x2c c:/users/dusan/desktop/faks/semest~1/mips/alati/gnumcu~1/arm-no~1.1/bin/../lib/gcc/arm-none-eabi/9.3.1/../../../../arm-none-eabi/lib/thumb/v7-m/nofp\libg.a(lib_a-fini.o)
                0x0000000008001754                __libc_fini_array
 .text.__retarget_lock_acquire_recursive
                0x0000000008001780        0x4 c:/users/dusan/desktop/faks/semest~1/mips/alati/gnumcu~1/arm-no~1.1/bin/../lib/gcc/arm-none-eabi/9.3.1/../../../../arm-none-eabi/lib/thumb/v7-m/nofp\libg.a(lib_a-lock.o)
                0x0000000008001780                __retarget_lock_acquire_recursive
 .text.__retarget_lock_release_recursive
                0x0000000008001784        0x4 c:/users/dusan/desktop/faks/semest~1/mips/alati/gnumcu~1/arm-no~1.1/bin/../lib/gcc/arm-none-eabi/9.3.1/../../../../arm-none-eabi/lib/thumb/v7-m/nofp\libg.a(lib_a-lock.o)
                0x0000000008001784                __retarget_lock_release_recursive
 .text.atexit   0x0000000008001788        0xc c:/users/dusan/desktop/faks/semest~1/mips/alati/gnumcu~1/arm-no~1.1/bin/../lib/gcc/arm-none-eabi/9.3.1/../../../../arm-none-eabi/lib/thumb/v7-m/nofp\libg.a(lib_a-atexit.o)
                0x0000000008001788                atexit
 .text.__register_exitproc
                0x0000000008001794       0x8c c:/users/dusan/desktop/faks/semest~1/mips/alati/gnumcu~1/arm-no~1.1/bin/../lib/gcc/arm-none-eabi/9.3.1/../../../../arm-none-eabi/lib/thumb/v7-m/nofp\libg.a(lib_a-__atexit.o)
                0x0000000008001794                __register_exitproc
 *(.glue_7)
 .glue_7        0x0000000008001820        0x0 linker stubs
 *(.glue_7t)
 .glue_7t       0x0000000008001820        0x0 linker stubs
 *(.eh_frame)
 .eh_frame      0x0000000008001820        0x0 c:/users/dusan/desktop/faks/semest~1/mips/alati/gnumcu~1/arm-no~1.1/bin/../lib/gcc/arm-none-eabi/9.3.1/thumb/v7-m/nofp/crtbegin.o
 *(.init)
 .init          0x0000000008001820        0x4 c:/users/dusan/desktop/faks/semest~1/mips/alati/gnumcu~1/arm-no~1.1/bin/../lib/gcc/arm-none-eabi/9.3.1/thumb/v7-m/nofp/crti.o
                0x0000000008001820                _init
 .init          0x0000000008001824        0x8 c:/users/dusan/desktop/faks/semest~1/mips/alati/gnumcu~1/arm-no~1.1/bin/../lib/gcc/arm-none-eabi/9.3.1/thumb/v7-m/nofp/crtn.o
 *(.fini)
 .fini          0x000000000800182c        0x4 c:/users/dusan/desktop/faks/semest~1/mips/alati/gnumcu~1/arm-no~1.1/bin/../lib/gcc/arm-none-eabi/9.3.1/thumb/v7-m/nofp/crti.o
                0x000000000800182c                _fini
 .fini          0x0000000008001830        0x8 c:/users/dusan/desktop/faks/semest~1/mips/alati/gnumcu~1/arm-no~1.1/bin/../lib/gcc/arm-none-eabi/9.3.1/thumb/v7-m/nofp/crtn.o
                0x0000000008001838                . = ALIGN (0x4)
                0x0000000008001838                _etext = .

.vfp11_veneer   0x0000000008001838        0x0
 .vfp11_veneer  0x0000000008001838        0x0 linker stubs

.v4_bx          0x0000000008001838        0x0
 .v4_bx         0x0000000008001838        0x0 linker stubs

.iplt           0x0000000008001838        0x0
 .iplt          0x0000000008001838        0x0 c:/users/dusan/desktop/faks/semest~1/mips/alati/gnumcu~1/arm-no~1.1/bin/../lib/gcc/arm-none-eabi/9.3.1/thumb/v7-m/nofp/crtbegin.o

.rodata         0x0000000008001838       0x30
                0x0000000008001838                . = ALIGN (0x4)
 *(.rodata)
 *(.rodata*)
 .rodata.AHBPrescTable
                0x0000000008001838       0x10 CMakeFiles/HP_CPP.elf.dir/Core/Src/system_stm32f1xx.c.obj
                0x0000000008001838                AHBPrescTable
 .rodata.APBPrescTable
                0x0000000008001848        0x8 CMakeFiles/HP_CPP.elf.dir/Core/Src/system_stm32f1xx.c.obj
                0x0000000008001848                APBPrescTable
 .rodata.HAL_RCC_GetSysClockFreq.str1.4
                0x0000000008001850       0x11 CMakeFiles/HP_CPP.elf.dir/Drivers/STM32F1xx_HAL_Driver/Src/stm32f1xx_hal_rcc.c.obj
 *fill*         0x0000000008001861        0x3 
 .rodata._global_impure_ptr
                0x0000000008001864        0x4 c:/users/dusan/desktop/faks/semest~1/mips/alati/gnumcu~1/arm-no~1.1/bin/../lib/gcc/arm-none-eabi/9.3.1/../../../../arm-none-eabi/lib/thumb/v7-m/nofp\libg.a(lib_a-impure.o)
                0x0000000008001864                _global_impure_ptr
                0x0000000008001868                . = ALIGN (0x4)

.rel.dyn        0x0000000008001868        0x0
 .rel.iplt      0x0000000008001868        0x0 c:/users/dusan/desktop/faks/semest~1/mips/alati/gnumcu~1/arm-no~1.1/bin/../lib/gcc/arm-none-eabi/9.3.1/thumb/v7-m/nofp/crtbegin.o

.ARM.extab      0x0000000008001868        0x0
                0x0000000008001868                . = ALIGN (0x4)
 *(.ARM.extab* .gnu.linkonce.armextab.*)
                0x0000000008001868                . = ALIGN (0x4)

.ARM            0x0000000008001868        0x0
                0x0000000008001868                . = ALIGN (0x4)
                0x0000000008001868                __exidx_start = .
 *(.ARM.exidx*)
                0x0000000008001868                __exidx_end = .
                0x0000000008001868                . = ALIGN (0x4)

.preinit_array  0x0000000008001868        0x0
                0x0000000008001868                . = ALIGN (0x4)
                0x0000000008001868                PROVIDE (__preinit_array_start = .)
 *(.preinit_array*)
                0x0000000008001868                PROVIDE (__preinit_array_end = .)
                0x0000000008001868                . = ALIGN (0x4)

.init_array     0x0000000008001868        0x8
                0x0000000008001868                . = ALIGN (0x4)
                0x0000000008001868                PROVIDE (__init_array_start = .)
 *(SORT_BY_NAME(.init_array.*))
 .init_array.00000
                0x0000000008001868        0x4 c:/users/dusan/desktop/faks/semest~1/mips/alati/gnumcu~1/arm-no~1.1/bin/../lib/gcc/arm-none-eabi/9.3.1/../../../../arm-none-eabi/lib/thumb/v7-m/nofp\libg.a(lib_a-__call_atexit.o)
 *(.init_array*)
 .init_array    0x000000000800186c        0x4 c:/users/dusan/desktop/faks/semest~1/mips/alati/gnumcu~1/arm-no~1.1/bin/../lib/gcc/arm-none-eabi/9.3.1/thumb/v7-m/nofp/crtbegin.o
                0x0000000008001870                PROVIDE (__init_array_end = .)
                0x0000000008001870                . = ALIGN (0x4)

.fini_array     0x0000000008001870        0x4
                0x0000000008001870                . = ALIGN (0x4)
                0x0000000008001870                PROVIDE (__fini_array_start = .)
 *(SORT_BY_NAME(.fini_array.*))
 *(.fini_array*)
 .fini_array    0x0000000008001870        0x4 c:/users/dusan/desktop/faks/semest~1/mips/alati/gnumcu~1/arm-no~1.1/bin/../lib/gcc/arm-none-eabi/9.3.1/thumb/v7-m/nofp/crtbegin.o
                0x0000000008001874                PROVIDE (__fini_array_end = .)
                0x0000000008001874                . = ALIGN (0x4)
                0x0000000008001874                _sidata = LOADADDR (.data)

.data           0x0000000020000000      0x43c load address 0x0000000008001874
                0x0000000020000000                . = ALIGN (0x4)
                0x0000000020000000                _sdata = .
 *(.data)
 *(.data*)
 .data.SystemCoreClock
                0x0000000020000000        0x4 CMakeFiles/HP_CPP.elf.dir/Core/Src/system_stm32f1xx.c.obj
                0x0000000020000000                SystemCoreClock
 .data.uwTickFreq
                0x0000000020000004        0x1 CMakeFiles/HP_CPP.elf.dir/Drivers/STM32F1xx_HAL_Driver/Src/stm32f1xx_hal.c.obj
                0x0000000020000004                uwTickFreq
 *fill*         0x0000000020000005        0x3 
 .data.uwTickPrio
                0x0000000020000008        0x4 CMakeFiles/HP_CPP.elf.dir/Drivers/STM32F1xx_HAL_Driver/Src/stm32f1xx_hal.c.obj
                0x0000000020000008                uwTickPrio
 *fill*         0x000000002000000c        0x4 
 .data.impure_data
                0x0000000020000010      0x428 c:/users/dusan/desktop/faks/semest~1/mips/alati/gnumcu~1/arm-no~1.1/bin/../lib/gcc/arm-none-eabi/9.3.1/../../../../arm-none-eabi/lib/thumb/v7-m/nofp\libg.a(lib_a-impure.o)
 .data.__atexit_recursive_mutex
                0x0000000020000438        0x4 c:/users/dusan/desktop/faks/semest~1/mips/alati/gnumcu~1/arm-no~1.1/bin/../lib/gcc/arm-none-eabi/9.3.1/../../../../arm-none-eabi/lib/thumb/v7-m/nofp\libg.a(lib_a-__call_atexit.o)
                0x0000000020000438                __atexit_recursive_mutex
 *(.RamFunc)
 *(.RamFunc*)
                0x000000002000043c                . = ALIGN (0x4)
                0x000000002000043c                _edata = .

.igot.plt       0x000000002000043c        0x0 load address 0x0000000008001cb0
 .igot.plt      0x000000002000043c        0x0 c:/users/dusan/desktop/faks/semest~1/mips/alati/gnumcu~1/arm-no~1.1/bin/../lib/gcc/arm-none-eabi/9.3.1/thumb/v7-m/nofp/crtbegin.o
                0x000000002000043c                . = ALIGN (0x4)

.bss            0x000000002000043c       0xe4 load address 0x0000000008001cb0
                0x000000002000043c                _sbss = .
                0x000000002000043c                __bss_start__ = _sbss
 *(.bss)
 *(.bss*)
 .bss.completed.8914
                0x000000002000043c        0x1 c:/users/dusan/desktop/faks/semest~1/mips/alati/gnumcu~1/arm-no~1.1/bin/../lib/gcc/arm-none-eabi/9.3.1/thumb/v7-m/nofp/crtbegin.o
 *fill*         0x000000002000043d        0x3 
 .bss.object.8919
                0x0000000020000440       0x18 c:/users/dusan/desktop/faks/semest~1/mips/alati/gnumcu~1/arm-no~1.1/bin/../lib/gcc/arm-none-eabi/9.3.1/thumb/v7-m/nofp/crtbegin.o
 .bss.RX1_Char  0x0000000020000458        0x1 CMakeFiles/HP_CPP.elf.dir/Core/Src/main.c.obj
                0x0000000020000458                RX1_Char
 *fill*         0x0000000020000459        0x3 
 .bss.hspi1     0x000000002000045c       0x58 CMakeFiles/HP_CPP.elf.dir/Core/Src/main.c.obj
                0x000000002000045c                hspi1
 .bss.huart1    0x00000000200004b4       0x44 CMakeFiles/HP_CPP.elf.dir/Core/Src/main.c.obj
                0x00000000200004b4                huart1
 .bss.uwTick    0x00000000200004f8        0x4 CMakeFiles/HP_CPP.elf.dir/Drivers/STM32F1xx_HAL_Driver/Src/stm32f1xx_hal.c.obj
                0x00000000200004f8                uwTick
 *(COMMON)
 COMMON         0x00000000200004fc       0x21 c:/users/dusan/desktop/faks/semest~1/mips/alati/gnumcu~1/arm-no~1.1/bin/../lib/gcc/arm-none-eabi/9.3.1/../../../../arm-none-eabi/lib/thumb/v7-m/nofp\libg.a(lib_a-lock.o)
                0x00000000200004fc                __lock___atexit_recursive_mutex
                0x0000000020000500                __lock___arc4random_mutex
                0x0000000020000504                __lock___env_recursive_mutex
                0x0000000020000508                __lock___sinit_recursive_mutex
                0x000000002000050c                __lock___malloc_recursive_mutex
                0x0000000020000510                __lock___at_quick_exit_mutex
                0x0000000020000514                __lock___dd_hash_mutex
                0x0000000020000518                __lock___tz_mutex
                0x000000002000051c                __lock___sfp_recursive_mutex
                0x0000000020000520                . = ALIGN (0x4)
 *fill*         0x000000002000051d        0x3 
                0x0000000020000520                _ebss = .
                0x0000000020000520                __bss_end__ = _ebss

._user_heap_stack
                0x0000000020000520      0x600 load address 0x0000000008001cb0
                0x0000000020000520                . = ALIGN (0x8)
                [!provide]                        PROVIDE (end = .)
                0x0000000020000520                PROVIDE (_end = .)
                0x0000000020000720                . = (. + _Min_Heap_Size)
 *fill*         0x0000000020000520      0x200 
                0x0000000020000b20                . = (. + _Min_Stack_Size)
 *fill*         0x0000000020000720      0x400 
                0x0000000020000b20                . = ALIGN (0x8)

/DISCARD/
 libc.a(*)
 libm.a(*)
 libgcc.a(*)

.ARM.attributes
                0x0000000000000000       0x29
 *(.ARM.attributes)
 .ARM.attributes
                0x0000000000000000       0x1d c:/users/dusan/desktop/faks/semest~1/mips/alati/gnumcu~1/arm-no~1.1/bin/../lib/gcc/arm-none-eabi/9.3.1/thumb/v7-m/nofp/crti.o
 .ARM.attributes
                0x000000000000001d       0x2d c:/users/dusan/desktop/faks/semest~1/mips/alati/gnumcu~1/arm-no~1.1/bin/../lib/gcc/arm-none-eabi/9.3.1/thumb/v7-m/nofp/crtbegin.o
 .ARM.attributes
                0x000000000000004a       0x2d CMakeFiles/HP_CPP.elf.dir/Core/Src/main.c.obj
 .ARM.attributes
                0x0000000000000077       0x2d CMakeFiles/HP_CPP.elf.dir/Core/Src/stm32f1xx_hal_msp.c.obj
 .ARM.attributes
                0x00000000000000a4       0x2d CMakeFiles/HP_CPP.elf.dir/Core/Src/stm32f1xx_it.c.obj
 .ARM.attributes
                0x00000000000000d1       0x2d CMakeFiles/HP_CPP.elf.dir/Core/Src/system_stm32f1xx.c.obj
 .ARM.attributes
                0x00000000000000fe       0x21 CMakeFiles/HP_CPP.elf.dir/Core/Startup/startup_stm32f103c8tx.s.obj
 .ARM.attributes
                0x000000000000011f       0x2d CMakeFiles/HP_CPP.elf.dir/Drivers/STM32F1xx_HAL_Driver/Src/stm32f1xx_hal.c.obj
 .ARM.attributes
                0x000000000000014c       0x2d CMakeFiles/HP_CPP.elf.dir/Drivers/STM32F1xx_HAL_Driver/Src/stm32f1xx_hal_cortex.c.obj
 .ARM.attributes
                0x0000000000000179       0x2d CMakeFiles/HP_CPP.elf.dir/Drivers/STM32F1xx_HAL_Driver/Src/stm32f1xx_hal_dma.c.obj
 .ARM.attributes
                0x00000000000001a6       0x2d CMakeFiles/HP_CPP.elf.dir/Drivers/STM32F1xx_HAL_Driver/Src/stm32f1xx_hal_gpio.c.obj
 .ARM.attributes
                0x00000000000001d3       0x2d CMakeFiles/HP_CPP.elf.dir/Drivers/STM32F1xx_HAL_Driver/Src/stm32f1xx_hal_rcc.c.obj
 .ARM.attributes
                0x0000000000000200       0x2d CMakeFiles/HP_CPP.elf.dir/Drivers/STM32F1xx_HAL_Driver/Src/stm32f1xx_hal_spi.c.obj
 .ARM.attributes
                0x000000000000022d       0x2d CMakeFiles/HP_CPP.elf.dir/Drivers/STM32F1xx_HAL_Driver/Src/stm32f1xx_hal_uart.c.obj
 .ARM.attributes
                0x000000000000025a       0x2d c:/users/dusan/desktop/faks/semest~1/mips/alati/gnumcu~1/arm-no~1.1/bin/../lib/gcc/arm-none-eabi/9.3.1/../../../../arm-none-eabi/lib/thumb/v7-m/nofp\libg.a(lib_a-impure.o)
 .ARM.attributes
                0x0000000000000287       0x2d c:/users/dusan/desktop/faks/semest~1/mips/alati/gnumcu~1/arm-no~1.1/bin/../lib/gcc/arm-none-eabi/9.3.1/../../../../arm-none-eabi/lib/thumb/v7-m/nofp\libg.a(lib_a-init.o)
 .ARM.attributes
                0x00000000000002b4       0x2d c:/users/dusan/desktop/faks/semest~1/mips/alati/gnumcu~1/arm-no~1.1/bin/../lib/gcc/arm-none-eabi/9.3.1/../../../../arm-none-eabi/lib/thumb/v7-m/nofp\libg.a(lib_a-__call_atexit.o)
 .ARM.attributes
                0x00000000000002e1       0x2d c:/users/dusan/desktop/faks/semest~1/mips/alati/gnumcu~1/arm-no~1.1/bin/../lib/gcc/arm-none-eabi/9.3.1/../../../../arm-none-eabi/lib/thumb/v7-m/nofp\libg.a(lib_a-fini.o)
 .ARM.attributes
                0x000000000000030e       0x2d c:/users/dusan/desktop/faks/semest~1/mips/alati/gnumcu~1/arm-no~1.1/bin/../lib/gcc/arm-none-eabi/9.3.1/../../../../arm-none-eabi/lib/thumb/v7-m/nofp\libg.a(lib_a-lock.o)
 .ARM.attributes
                0x000000000000033b       0x2d c:/users/dusan/desktop/faks/semest~1/mips/alati/gnumcu~1/arm-no~1.1/bin/../lib/gcc/arm-none-eabi/9.3.1/../../../../arm-none-eabi/lib/thumb/v7-m/nofp\libg.a(lib_a-atexit.o)
 .ARM.attributes
                0x0000000000000368       0x2d c:/users/dusan/desktop/faks/semest~1/mips/alati/gnumcu~1/arm-no~1.1/bin/../lib/gcc/arm-none-eabi/9.3.1/../../../../arm-none-eabi/lib/thumb/v7-m/nofp\libg.a(lib_a-__atexit.o)
 .ARM.attributes
                0x0000000000000395       0x1d c:/users/dusan/desktop/faks/semest~1/mips/alati/gnumcu~1/arm-no~1.1/bin/../lib/gcc/arm-none-eabi/9.3.1/thumb/v7-m/nofp/crtn.o
OUTPUT(HP_CPP.elf elf32-littlearm)
LOAD linker stubs
LOAD c:/users/dusan/desktop/faks/semest~1/mips/alati/gnumcu~1/arm-no~1.1/bin/../lib/gcc/arm-none-eabi/9.3.1/../../../../arm-none-eabi/lib/thumb/v7-m/nofp\libc.a
LOAD c:/users/dusan/desktop/faks/semest~1/mips/alati/gnumcu~1/arm-no~1.1/bin/../lib/gcc/arm-none-eabi/9.3.1/../../../../arm-none-eabi/lib/thumb/v7-m/nofp\libm.a
LOAD c:/users/dusan/desktop/faks/semest~1/mips/alati/gnumcu~1/arm-no~1.1/bin/../lib/gcc/arm-none-eabi/9.3.1/thumb/v7-m/nofp\libgcc.a

.debug_info     0x0000000000000000     0x97c5
 .debug_info    0x0000000000000000      0xee8 CMakeFiles/HP_CPP.elf.dir/Core/Src/main.c.obj
 .debug_info    0x0000000000000ee8      0xead CMakeFiles/HP_CPP.elf.dir/Core/Src/stm32f1xx_hal_msp.c.obj
 .debug_info    0x0000000000001d95      0xa00 CMakeFiles/HP_CPP.elf.dir/Core/Src/stm32f1xx_it.c.obj
 .debug_info    0x0000000000002795      0x2c9 CMakeFiles/HP_CPP.elf.dir/Core/Src/system_stm32f1xx.c.obj
 .debug_info    0x0000000000002a5e       0x22 CMakeFiles/HP_CPP.elf.dir/Core/Startup/startup_stm32f103c8tx.s.obj
 .debug_info    0x0000000000002a80      0x831 CMakeFiles/HP_CPP.elf.dir/Drivers/STM32F1xx_HAL_Driver/Src/stm32f1xx_hal.c.obj
 .debug_info    0x00000000000032b1      0xe46 CMakeFiles/HP_CPP.elf.dir/Drivers/STM32F1xx_HAL_Driver/Src/stm32f1xx_hal_cortex.c.obj
 .debug_info    0x00000000000040f7      0x932 CMakeFiles/HP_CPP.elf.dir/Drivers/STM32F1xx_HAL_Driver/Src/stm32f1xx_hal_dma.c.obj
 .debug_info    0x0000000000004a29      0x75b CMakeFiles/HP_CPP.elf.dir/Drivers/STM32F1xx_HAL_Driver/Src/stm32f1xx_hal_gpio.c.obj
 .debug_info    0x0000000000005184      0xaab CMakeFiles/HP_CPP.elf.dir/Drivers/STM32F1xx_HAL_Driver/Src/stm32f1xx_hal_rcc.c.obj
 .debug_info    0x0000000000005c2f     0x1e37 CMakeFiles/HP_CPP.elf.dir/Drivers/STM32F1xx_HAL_Driver/Src/stm32f1xx_hal_spi.c.obj
 .debug_info    0x0000000000007a66     0x1d5f CMakeFiles/HP_CPP.elf.dir/Drivers/STM32F1xx_HAL_Driver/Src/stm32f1xx_hal_uart.c.obj

.debug_abbrev   0x0000000000000000     0x190c
 .debug_abbrev  0x0000000000000000      0x278 CMakeFiles/HP_CPP.elf.dir/Core/Src/main.c.obj
 .debug_abbrev  0x0000000000000278      0x1f9 CMakeFiles/HP_CPP.elf.dir/Core/Src/stm32f1xx_hal_msp.c.obj
 .debug_abbrev  0x0000000000000471      0x1bc CMakeFiles/HP_CPP.elf.dir/Core/Src/stm32f1xx_it.c.obj
 .debug_abbrev  0x000000000000062d      0x151 CMakeFiles/HP_CPP.elf.dir/Core/Src/system_stm32f1xx.c.obj
 .debug_abbrev  0x000000000000077e       0x12 CMakeFiles/HP_CPP.elf.dir/Core/Startup/startup_stm32f103c8tx.s.obj
 .debug_abbrev  0x0000000000000790      0x219 CMakeFiles/HP_CPP.elf.dir/Drivers/STM32F1xx_HAL_Driver/Src/stm32f1xx_hal.c.obj
 .debug_abbrev  0x00000000000009a9      0x367 CMakeFiles/HP_CPP.elf.dir/Drivers/STM32F1xx_HAL_Driver/Src/stm32f1xx_hal_cortex.c.obj
 .debug_abbrev  0x0000000000000d10      0x262 CMakeFiles/HP_CPP.elf.dir/Drivers/STM32F1xx_HAL_Driver/Src/stm32f1xx_hal_dma.c.obj
 .debug_abbrev  0x0000000000000f72      0x213 CMakeFiles/HP_CPP.elf.dir/Drivers/STM32F1xx_HAL_Driver/Src/stm32f1xx_hal_gpio.c.obj
 .debug_abbrev  0x0000000000001185      0x28d CMakeFiles/HP_CPP.elf.dir/Drivers/STM32F1xx_HAL_Driver/Src/stm32f1xx_hal_rcc.c.obj
 .debug_abbrev  0x0000000000001412      0x267 CMakeFiles/HP_CPP.elf.dir/Drivers/STM32F1xx_HAL_Driver/Src/stm32f1xx_hal_spi.c.obj
 .debug_abbrev  0x0000000000001679      0x293 CMakeFiles/HP_CPP.elf.dir/Drivers/STM32F1xx_HAL_Driver/Src/stm32f1xx_hal_uart.c.obj

.debug_aranges  0x0000000000000000      0x7f8
 .debug_aranges
                0x0000000000000000       0x48 CMakeFiles/HP_CPP.elf.dir/Core/Src/main.c.obj
 .debug_aranges
                0x0000000000000048       0x40 CMakeFiles/HP_CPP.elf.dir/Core/Src/stm32f1xx_hal_msp.c.obj
 .debug_aranges
                0x0000000000000088       0x78 CMakeFiles/HP_CPP.elf.dir/Core/Src/stm32f1xx_it.c.obj
 .debug_aranges
                0x0000000000000100       0x28 CMakeFiles/HP_CPP.elf.dir/Core/Src/system_stm32f1xx.c.obj
 .debug_aranges
                0x0000000000000128       0x28 CMakeFiles/HP_CPP.elf.dir/Core/Startup/startup_stm32f103c8tx.s.obj
 .debug_aranges
                0x0000000000000150       0xe0 CMakeFiles/HP_CPP.elf.dir/Drivers/STM32F1xx_HAL_Driver/Src/stm32f1xx_hal.c.obj
 .debug_aranges
                0x0000000000000230       0x90 CMakeFiles/HP_CPP.elf.dir/Drivers/STM32F1xx_HAL_Driver/Src/stm32f1xx_hal_cortex.c.obj
 .debug_aranges
                0x00000000000002c0       0x80 CMakeFiles/HP_CPP.elf.dir/Drivers/STM32F1xx_HAL_Driver/Src/stm32f1xx_hal_dma.c.obj
 .debug_aranges
                0x0000000000000340       0x58 CMakeFiles/HP_CPP.elf.dir/Drivers/STM32F1xx_HAL_Driver/Src/stm32f1xx_hal_gpio.c.obj
 .debug_aranges
                0x0000000000000398       0x90 CMakeFiles/HP_CPP.elf.dir/Drivers/STM32F1xx_HAL_Driver/Src/stm32f1xx_hal_rcc.c.obj
 .debug_aranges
                0x0000000000000428      0x1d0 CMakeFiles/HP_CPP.elf.dir/Drivers/STM32F1xx_HAL_Driver/Src/stm32f1xx_hal_spi.c.obj
 .debug_aranges
                0x00000000000005f8      0x200 CMakeFiles/HP_CPP.elf.dir/Drivers/STM32F1xx_HAL_Driver/Src/stm32f1xx_hal_uart.c.obj

.debug_ranges   0x0000000000000000      0x7c0
 .debug_ranges  0x0000000000000000       0x38 CMakeFiles/HP_CPP.elf.dir/Core/Src/main.c.obj
 .debug_ranges  0x0000000000000038       0x30 CMakeFiles/HP_CPP.elf.dir/Core/Src/stm32f1xx_hal_msp.c.obj
 .debug_ranges  0x0000000000000068       0x68 CMakeFiles/HP_CPP.elf.dir/Core/Src/stm32f1xx_it.c.obj
 .debug_ranges  0x00000000000000d0       0x18 CMakeFiles/HP_CPP.elf.dir/Core/Src/system_stm32f1xx.c.obj
 .debug_ranges  0x00000000000000e8       0x20 CMakeFiles/HP_CPP.elf.dir/Core/Startup/startup_stm32f103c8tx.s.obj
 .debug_ranges  0x0000000000000108       0xd0 CMakeFiles/HP_CPP.elf.dir/Drivers/STM32F1xx_HAL_Driver/Src/stm32f1xx_hal.c.obj
 .debug_ranges  0x00000000000001d8       0xe0 CMakeFiles/HP_CPP.elf.dir/Drivers/STM32F1xx_HAL_Driver/Src/stm32f1xx_hal_cortex.c.obj
 .debug_ranges  0x00000000000002b8       0x70 CMakeFiles/HP_CPP.elf.dir/Drivers/STM32F1xx_HAL_Driver/Src/stm32f1xx_hal_dma.c.obj
 .debug_ranges  0x0000000000000328       0x48 CMakeFiles/HP_CPP.elf.dir/Drivers/STM32F1xx_HAL_Driver/Src/stm32f1xx_hal_gpio.c.obj
 .debug_ranges  0x0000000000000370       0xa0 CMakeFiles/HP_CPP.elf.dir/Drivers/STM32F1xx_HAL_Driver/Src/stm32f1xx_hal_rcc.c.obj
 .debug_ranges  0x0000000000000410      0x1c0 CMakeFiles/HP_CPP.elf.dir/Drivers/STM32F1xx_HAL_Driver/Src/stm32f1xx_hal_spi.c.obj
 .debug_ranges  0x00000000000005d0      0x1f0 CMakeFiles/HP_CPP.elf.dir/Drivers/STM32F1xx_HAL_Driver/Src/stm32f1xx_hal_uart.c.obj

.debug_line     0x0000000000000000     0x86fb
 .debug_line    0x0000000000000000      0x5f1 CMakeFiles/HP_CPP.elf.dir/Core/Src/main.c.obj
 .debug_line    0x00000000000005f1      0x4a2 CMakeFiles/HP_CPP.elf.dir/Core/Src/stm32f1xx_hal_msp.c.obj
 .debug_line    0x0000000000000a93      0x444 CMakeFiles/HP_CPP.elf.dir/Core/Src/stm32f1xx_it.c.obj
 .debug_line    0x0000000000000ed7      0x370 CMakeFiles/HP_CPP.elf.dir/Core/Src/system_stm32f1xx.c.obj
 .debug_line    0x0000000000001247       0xb7 CMakeFiles/HP_CPP.elf.dir/Core/Startup/startup_stm32f103c8tx.s.obj
 .debug_line    0x00000000000012fe      0x600 CMakeFiles/HP_CPP.elf.dir/Drivers/STM32F1xx_HAL_Driver/Src/stm32f1xx_hal.c.obj
 .debug_line    0x00000000000018fe      0x756 CMakeFiles/HP_CPP.elf.dir/Drivers/STM32F1xx_HAL_Driver/Src/stm32f1xx_hal_cortex.c.obj
 .debug_line    0x0000000000002054      0xb75 CMakeFiles/HP_CPP.elf.dir/Drivers/STM32F1xx_HAL_Driver/Src/stm32f1xx_hal_dma.c.obj
 .debug_line    0x0000000000002bc9      0x702 CMakeFiles/HP_CPP.elf.dir/Drivers/STM32F1xx_HAL_Driver/Src/stm32f1xx_hal_gpio.c.obj
 .debug_line    0x00000000000032cb      0xd1d CMakeFiles/HP_CPP.elf.dir/Drivers/STM32F1xx_HAL_Driver/Src/stm32f1xx_hal_rcc.c.obj
 .debug_line    0x0000000000003fe8     0x254e CMakeFiles/HP_CPP.elf.dir/Drivers/STM32F1xx_HAL_Driver/Src/stm32f1xx_hal_spi.c.obj
 .debug_line    0x0000000000006536     0x21c5 CMakeFiles/HP_CPP.elf.dir/Drivers/STM32F1xx_HAL_Driver/Src/stm32f1xx_hal_uart.c.obj

.debug_str      0x0000000000000000     0x27bb
 .debug_str     0x0000000000000000      0xa3e CMakeFiles/HP_CPP.elf.dir/Core/Src/main.c.obj
                                        0xaf5 (size before relaxing)
 .debug_str     0x0000000000000a3e      0x3fc CMakeFiles/HP_CPP.elf.dir/Core/Src/stm32f1xx_hal_msp.c.obj
                                        0xc61 (size before relaxing)
 .debug_str     0x0000000000000e3a      0x15c CMakeFiles/HP_CPP.elf.dir/Core/Src/stm32f1xx_it.c.obj
                                        0x946 (size before relaxing)
 .debug_str     0x0000000000000f96       0x82 CMakeFiles/HP_CPP.elf.dir/Core/Src/system_stm32f1xx.c.obj
                                        0x351 (size before relaxing)
 .debug_str     0x0000000000001018       0x66 CMakeFiles/HP_CPP.elf.dir/Core/Startup/startup_stm32f103c8tx.s.obj
                                         0xab (size before relaxing)
 .debug_str     0x000000000000107e      0x2a9 CMakeFiles/HP_CPP.elf.dir/Drivers/STM32F1xx_HAL_Driver/Src/stm32f1xx_hal.c.obj
                                        0x8ce (size before relaxing)
 .debug_str     0x0000000000001327      0x3c4 CMakeFiles/HP_CPP.elf.dir/Drivers/STM32F1xx_HAL_Driver/Src/stm32f1xx_hal_cortex.c.obj
                                        0x9ea (size before relaxing)
 .debug_str     0x00000000000016eb      0x274 CMakeFiles/HP_CPP.elf.dir/Drivers/STM32F1xx_HAL_Driver/Src/stm32f1xx_hal_dma.c.obj
                                        0x738 (size before relaxing)
 .debug_str     0x000000000000195f      0x132 CMakeFiles/HP_CPP.elf.dir/Drivers/STM32F1xx_HAL_Driver/Src/stm32f1xx_hal_gpio.c.obj
                                        0x53b (size before relaxing)
 .debug_str     0x0000000000001a91      0x224 CMakeFiles/HP_CPP.elf.dir/Drivers/STM32F1xx_HAL_Driver/Src/stm32f1xx_hal_rcc.c.obj
                                        0x71d (size before relaxing)
 .debug_str     0x0000000000001cb5      0x540 CMakeFiles/HP_CPP.elf.dir/Drivers/STM32F1xx_HAL_Driver/Src/stm32f1xx_hal_spi.c.obj
                                        0xc80 (size before relaxing)
 .debug_str     0x00000000000021f5      0x5c6 CMakeFiles/HP_CPP.elf.dir/Drivers/STM32F1xx_HAL_Driver/Src/stm32f1xx_hal_uart.c.obj
                                        0xdb7 (size before relaxing)

.comment        0x0000000000000000       0x43
 .comment       0x0000000000000000       0x43 CMakeFiles/HP_CPP.elf.dir/Core/Src/main.c.obj
                                         0x44 (size before relaxing)
 .comment       0x0000000000000043       0x44 CMakeFiles/HP_CPP.elf.dir/Core/Src/stm32f1xx_hal_msp.c.obj
 .comment       0x0000000000000043       0x44 CMakeFiles/HP_CPP.elf.dir/Core/Src/stm32f1xx_it.c.obj
 .comment       0x0000000000000043       0x44 CMakeFiles/HP_CPP.elf.dir/Core/Src/system_stm32f1xx.c.obj
 .comment       0x0000000000000043       0x44 CMakeFiles/HP_CPP.elf.dir/Drivers/STM32F1xx_HAL_Driver/Src/stm32f1xx_hal.c.obj
 .comment       0x0000000000000043       0x44 CMakeFiles/HP_CPP.elf.dir/Drivers/STM32F1xx_HAL_Driver/Src/stm32f1xx_hal_cortex.c.obj
 .comment       0x0000000000000043       0x44 CMakeFiles/HP_CPP.elf.dir/Drivers/STM32F1xx_HAL_Driver/Src/stm32f1xx_hal_dma.c.obj
 .comment       0x0000000000000043       0x44 CMakeFiles/HP_CPP.elf.dir/Drivers/STM32F1xx_HAL_Driver/Src/stm32f1xx_hal_gpio.c.obj
 .comment       0x0000000000000043       0x44 CMakeFiles/HP_CPP.elf.dir/Drivers/STM32F1xx_HAL_Driver/Src/stm32f1xx_hal_rcc.c.obj
 .comment       0x0000000000000043       0x44 CMakeFiles/HP_CPP.elf.dir/Drivers/STM32F1xx_HAL_Driver/Src/stm32f1xx_hal_spi.c.obj
 .comment       0x0000000000000043       0x44 CMakeFiles/HP_CPP.elf.dir/Drivers/STM32F1xx_HAL_Driver/Src/stm32f1xx_hal_uart.c.obj

.debug_frame    0x0000000000000000     0x164c
 .debug_frame   0x0000000000000000       0xb0 CMakeFiles/HP_CPP.elf.dir/Core/Src/main.c.obj
 .debug_frame   0x00000000000000b0       0xa0 CMakeFiles/HP_CPP.elf.dir/Core/Src/stm32f1xx_hal_msp.c.obj
 .debug_frame   0x0000000000000150       0xf0 CMakeFiles/HP_CPP.elf.dir/Core/Src/stm32f1xx_it.c.obj
 .debug_frame   0x0000000000000240       0x30 CMakeFiles/HP_CPP.elf.dir/Core/Src/system_stm32f1xx.c.obj
 .debug_frame   0x0000000000000270      0x1cc CMakeFiles/HP_CPP.elf.dir/Drivers/STM32F1xx_HAL_Driver/Src/stm32f1xx_hal.c.obj
 .debug_frame   0x000000000000043c      0x12c CMakeFiles/HP_CPP.elf.dir/Drivers/STM32F1xx_HAL_Driver/Src/stm32f1xx_hal_cortex.c.obj
 .debug_frame   0x0000000000000568      0x148 CMakeFiles/HP_CPP.elf.dir/Drivers/STM32F1xx_HAL_Driver/Src/stm32f1xx_hal_dma.c.obj
 .debug_frame   0x00000000000006b0       0xe8 CMakeFiles/HP_CPP.elf.dir/Drivers/STM32F1xx_HAL_Driver/Src/stm32f1xx_hal_gpio.c.obj
 .debug_frame   0x0000000000000798      0x190 CMakeFiles/HP_CPP.elf.dir/Drivers/STM32F1xx_HAL_Driver/Src/stm32f1xx_hal_rcc.c.obj
 .debug_frame   0x0000000000000928      0x5a0 CMakeFiles/HP_CPP.elf.dir/Drivers/STM32F1xx_HAL_Driver/Src/stm32f1xx_hal_spi.c.obj
 .debug_frame   0x0000000000000ec8      0x5c4 CMakeFiles/HP_CPP.elf.dir/Drivers/STM32F1xx_HAL_Driver/Src/stm32f1xx_hal_uart.c.obj
 .debug_frame   0x000000000000148c       0x2c c:/users/dusan/desktop/faks/semest~1/mips/alati/gnumcu~1/arm-no~1.1/bin/../lib/gcc/arm-none-eabi/9.3.1/../../../../arm-none-eabi/lib/thumb/v7-m/nofp\libg.a(lib_a-init.o)
 .debug_frame   0x00000000000014b8       0x5c c:/users/dusan/desktop/faks/semest~1/mips/alati/gnumcu~1/arm-no~1.1/bin/../lib/gcc/arm-none-eabi/9.3.1/../../../../arm-none-eabi/lib/thumb/v7-m/nofp\libg.a(lib_a-__call_atexit.o)
 .debug_frame   0x0000000000001514       0x34 c:/users/dusan/desktop/faks/semest~1/mips/alati/gnumcu~1/arm-no~1.1/bin/../lib/gcc/arm-none-eabi/9.3.1/../../../../arm-none-eabi/lib/thumb/v7-m/nofp\libg.a(lib_a-fini.o)
 .debug_frame   0x0000000000001548       0xb0 c:/users/dusan/desktop/faks/semest~1/mips/alati/gnumcu~1/arm-no~1.1/bin/../lib/gcc/arm-none-eabi/9.3.1/../../../../arm-none-eabi/lib/thumb/v7-m/nofp\libg.a(lib_a-lock.o)
 .debug_frame   0x00000000000015f8       0x20 c:/users/dusan/desktop/faks/semest~1/mips/alati/gnumcu~1/arm-no~1.1/bin/../lib/gcc/arm-none-eabi/9.3.1/../../../../arm-none-eabi/lib/thumb/v7-m/nofp\libg.a(lib_a-atexit.o)
 .debug_frame   0x0000000000001618       0x34 c:/users/dusan/desktop/faks/semest~1/mips/alati/gnumcu~1/arm-no~1.1/bin/../lib/gcc/arm-none-eabi/9.3.1/../../../../arm-none-eabi/lib/thumb/v7-m/nofp\libg.a(lib_a-__atexit.o)

.debug_loc      0x0000000000000000     0x5a5f
 .debug_loc     0x0000000000000000      0x11d CMakeFiles/HP_CPP.elf.dir/Core/Src/stm32f1xx_hal_msp.c.obj
 .debug_loc     0x000000000000011d       0x25 CMakeFiles/HP_CPP.elf.dir/Core/Src/stm32f1xx_it.c.obj
 .debug_loc     0x0000000000000142       0xff CMakeFiles/HP_CPP.elf.dir/Core/Src/system_stm32f1xx.c.obj
 .debug_loc     0x0000000000000241      0x141 CMakeFiles/HP_CPP.elf.dir/Drivers/STM32F1xx_HAL_Driver/Src/stm32f1xx_hal.c.obj
 .debug_loc     0x0000000000000382      0x71f CMakeFiles/HP_CPP.elf.dir/Drivers/STM32F1xx_HAL_Driver/Src/stm32f1xx_hal_cortex.c.obj
 .debug_loc     0x0000000000000aa1      0x7d1 CMakeFiles/HP_CPP.elf.dir/Drivers/STM32F1xx_HAL_Driver/Src/stm32f1xx_hal_dma.c.obj
 .debug_loc     0x0000000000001272      0x468 CMakeFiles/HP_CPP.elf.dir/Drivers/STM32F1xx_HAL_Driver/Src/stm32f1xx_hal_gpio.c.obj
 .debug_loc     0x00000000000016da      0x610 CMakeFiles/HP_CPP.elf.dir/Drivers/STM32F1xx_HAL_Driver/Src/stm32f1xx_hal_rcc.c.obj
 .debug_loc     0x0000000000001cea     0x1d3e CMakeFiles/HP_CPP.elf.dir/Drivers/STM32F1xx_HAL_Driver/Src/stm32f1xx_hal_spi.c.obj
 .debug_loc     0x0000000000003a28     0x2037 CMakeFiles/HP_CPP.elf.dir/Drivers/STM32F1xx_HAL_Driver/Src/stm32f1xx_hal_uart.c.obj
