AT45DB161D.cpp:42:6:void AT45DB161D::cs_high()	8	static
AT45DB161D.cpp:48:6:void AT45DB161D::cs_low()	8	static
AT45DB161D.cpp:31:10:uint8_t* AT45DB161D::get_instruction(uint8_t, uint16_t, uint16_t)	24	static
AT45DB161D.cpp:42:6:void AT45DB161D::cs_high()	8	static
AT45DB161D.cpp:48:6:void AT45DB161D::cs_low()	8	static
AT45DB161D.cpp:56:6:void AT45DB161D::main_mem_page_read(uint16_t, uint16_t, uint8_t*, uint16_t)	24	static
AT45DB161D.cpp:69:6:void AT45DB161D::start_continuous_array_read(uint16_t, uint16_t)	16	static
AT45DB161D.cpp:79:6:void AT45DB161D::end_continuous_array_read()	0	static
AT45DB161D.cpp:84:6:void AT45DB161D::buffer_read(BufferType, uint16_t, uint8_t*, uint16_t)	24	static
AT45DB161D.cpp:100:6:void AT45DB161D::buffer_write(BufferType, uint16_t, uint8_t*, uint16_t)	24	static
AT45DB161D.cpp:196:9:uint8_t AT45DB161D::read_status_register()	16	static
AT45DB161D.cpp:12:1:AT45DB161D::AT45DB161D(SPI_HandleTypeDef*)	48	static
AT45DB161D.cpp:211:6:void AT45DB161D::wait_for_ready_signal()	16	static
AT45DB161D.cpp:114:6:void AT45DB161D::buffer_to_main_mem_page(BufferType, uint16_t)	16	static
AT45DB161D.cpp:131:6:void AT45DB161D::page_erase(uint16_t)	16	static
AT45DB161D.cpp:145:6:void AT45DB161D::chip_erase()	16	static
AT45DB161D.cpp:157:6:void AT45DB161D::main_mem_page_program(BufferType, uint16_t, uint16_t, uint8_t*, uint16_t)	24	static
AT45DB161D.cpp:176:6:void AT45DB161D::write(BufferType, uint16_t, uint8_t*, uint16_t)	40	static
